// Jest Snapshot v1, https://goo.gl/fbAQLP

exports[`<Routes /> provides a snapshot of Routes' tree 1`] = `
<div>
  <BrowserRouter>
    <Route
      component={[Function]}
      path="/"
    />
    <Route
      component={[Function]}
      path=":language"
    />
    <Route
      component={[Function]}
      path=":language/:part-of-speech"
    />
  </BrowserRouter>
</div>
`;
